--------------------------------------------------------------------------------------
Timing Analyzer Summary
--------------------------------------------------------------------------------------

Type           : Worst-case tsu
Slack          : N/A
Required Time  : None
Actual Time    : 26.300 ns
From           : right_in
To             : eightbit_register_file:inst9|altdpram:regfile[0][7]__2|cells[0][1]
From Clock     : --
To Clock       : on-board_oscillator
Failed Paths   : 0

Type           : Worst-case tco
Slack          : N/A
Required Time  : None
Actual Time    : 58.800 ns
From           : mem_intercept:inst27|read_switch[1]
To             : mux_less_than[0]
From Clock     : on-board_oscillator
To Clock       : --
Failed Paths   : 0

Type           : Worst-case tpd
Slack          : N/A
Required Time  : None
Actual Time    : 49.300 ns
From           : right_in
To             : mux_less_than[0]
From Clock     : --
To Clock       : --
Failed Paths   : 0

Type           : Worst-case th
Slack          : N/A
Required Time  : None
Actual Time    : -1.800 ns
From           : dip_in[1]
To             : eightbit_register_file:inst9|altdpram:regfile[0][7]__2|cells[3][2]
From Clock     : --
To Clock       : on-board_oscillator
Failed Paths   : 0

Type           : Clock Setup: 'on-board_oscillator'
Slack          : N/A
Required Time  : None
Actual Time    : 13.19 MHz ( period = 75.800 ns )
From           : mem_intercept:inst27|display_2_out[2]
To             : lpm_rom2:inst31|lpm_rom:lpm_rom_component|altrom:srom|q[0]~reg_ra2
From Clock     : on-board_oscillator
To Clock       : on-board_oscillator
Failed Paths   : 0

Type           : Clock Hold: 'on-board_oscillator'
Slack          : Not operational: Clock Skew > Data Delay
Required Time  : None
Actual Time    : N/A
From           : eightbit_register_file:inst9|altdpram:regfile[0][7]__2|xq[5]
To             : mem_intercept:inst27|display_1_out[0]
From Clock     : on-board_oscillator
To Clock       : on-board_oscillator
Failed Paths   : 16

Type           : Total number of failed paths
Slack          : 
Required Time  : 
Actual Time    : 
From           : 
To             : 
From Clock     : 
To Clock       : 
Failed Paths   : 16

--------------------------------------------------------------------------------------

