--------------------------------------------------------------------------------------
Timing Analyzer Summary
--------------------------------------------------------------------------------------

Type           : Worst-case tsu
Slack          : N/A
Required Time  : None
Actual Time    : 21.100 ns
From           : dip_in[2]
To             : eightbit_register_file:inst9|altdpram:regfile[0][7]__2|cells[5][3]
From Clock     : --
To Clock       : on-board_oscillator
Failed Paths   : 0

Type           : Worst-case tco
Slack          : N/A
Required Time  : None
Actual Time    : 44.400 ns
From           : mem_intercept:inst27|read_switch[1]
To             : mux_less_than[0]
From Clock     : on-board_oscillator
To Clock       : --
Failed Paths   : 0

Type           : Worst-case tpd
Slack          : N/A
Required Time  : None
Actual Time    : 40.500 ns
From           : right_in
To             : mux_less_than[0]
From Clock     : --
To Clock       : --
Failed Paths   : 0

Type           : Worst-case th
Slack          : N/A
Required Time  : None
Actual Time    : -3.900 ns
From           : reset
To             : Clock1Hz:inst21|clock5
From Clock     : --
To Clock       : on-board_oscillator
Failed Paths   : 0

Type           : Clock Setup: 'on-board_oscillator'
Slack          : N/A
Required Time  : None
Actual Time    : 19.57 MHz ( period = 51.100 ns )
From           : eightbit_register_file:inst9|altdpram:regfile[0][7]__2|xq[0]
To             : alu:inst12|zero
From Clock     : on-board_oscillator
To Clock       : on-board_oscillator
Failed Paths   : 0

Type           : Total number of failed paths
Slack          : 
Required Time  : 
Actual Time    : 
From           : 
To             : 
From Clock     : 
To Clock       : 
Failed Paths   : 0

--------------------------------------------------------------------------------------

